// Jest Snapshot v1, https://goo.gl/fbAQLP

exports[`Avatar renders multibyte names 1`] = `
<View
  onLayout={[Function]}
  style={
    Object {
      "aspectRatio": 1,
      "borderRadius": 0,
      "height": "100%",
      "width": "100%",
    }
  }
>
  <View
    onLayout={[Function]}
    style={
      Array [
        Object {
          "alignItems": "center",
          "backgroundColor": "#B5B5B5",
          "borderRadius": 0,
          "flex": 1,
          "justifyContent": "center",
        },
        undefined,
      ]
    }
  >
    <Text
      accessible={true}
      allowFontScaling={true}
      ellipsizeMode="tail"
      style={
        Object {
          "color": "#FFFFFF",
          "fontSize": 0,
          "fontWeight": "bold",
          "textAlign": "center",
          "textAlignVertical": "center",
        }
      }
    >
      ðŸ’©
    </Text>
  </View>
</View>
`;
